// Jest Snapshot v1, https://goo.gl/fbAQLP

exports[`EventList should match snapshot 1`] = `
<div>
  <ul
    aria-labelledby="events-subheader"
    class="MuiList-root MuiList-padding MuiList-subheader"
    role="list"
  >
    <div
      class="MuiListSubheader-root MuiListSubheader-sticky MuiListSubheader-gutters"
      id="events-subheader"
    >
      Events
    </div>
  </ul>
</div>
`;
